
> vwds@0.1.0 build-storybook
> storybook build --output-dir=/private/var/folders/nt/z6rv5yss3sz3x8pcysw49p_w0000gn/T/chromatic--86255-c60pxko4c2mr

[1m@storybook/core v8.6.18
[22m
info => Cleaning outputDir: [36m../../../../../private/var/folders/nt/z6rv5yss3sz3x8pcysw49p_w0000gn/T/chromatic--86255-c60pxko4c2mr[39m
info => Loading presets
info => Building manager..
info => Manager built ([38;2;181;126;229m123 ms[39m)
info => Building preview..
info Using tsconfig paths for react-docgen
[36mvite v8.2.0 [32mbuilding client environment for production...[36m[39m
[2Ktransforming...✓ 106 modules transformed.
rendering chunks...
computing gzip size...
../../../../../private/var/folders/nt/z6rv5yss3sz3x8pcysw49p_w0000gn/T/chromatic--86255-c60pxko4c2mr/iframe.html                                17.54 kB │ gzip:   4.98 kB
../../../../../private/var/folders/nt/z6rv5yss3sz3x8pcysw49p_w0000gn/T/chromatic--86255-c60pxko4c2mr/assets/Icon-B7MVscVA.css                    0.69 kB │ gzip:   0.22 kB
../../../../../private/var/folders/nt/z6rv5yss3sz3x8pcysw49p_w0000gn/T/chromatic--86255-c60pxko4c2mr/assets/Card-Blmain5X.css                    1.42 kB │ gzip:   0.44 kB
../../../../../private/var/folders/nt/z6rv5yss3sz3x8pcysw49p_w0000gn/T/chromatic--86255-c60pxko4c2mr/assets/Tag-BUlRYX3v.css                     2.39 kB │ gzip:   0.59 kB
../../../../../private/var/folders/nt/z6rv5yss3sz3x8pcysw49p_w0000gn/T/chromatic--86255-c60pxko4c2mr/assets/Button-BOztaqvp.css                  2.49 kB │ gzip:   0.60 kB
../../../../../private/var/folders/nt/z6rv5yss3sz3x8pcysw49p_w0000gn/T/chromatic--86255-c60pxko4c2mr/assets/Input-CvkE5fyO.css                   2.49 kB │ gzip:   0.59 kB
../../../../../private/var/folders/nt/z6rv5yss3sz3x8pcysw49p_w0000gn/T/chromatic--86255-c60pxko4c2mr/assets/Typography-BQpd3vVV.css              4.11 kB │ gzip:   0.53 kB
../../../../../private/var/folders/nt/z6rv5yss3sz3x8pcysw49p_w0000gn/T/chromatic--86255-c60pxko4c2mr/assets/preview-DtGHz67s.css                14.51 kB │ gzip:   1.92 kB
../../../../../private/var/folders/nt/z6rv5yss3sz3x8pcysw49p_w0000gn/T/chromatic--86255-c60pxko4c2mr/assets/components-BMvecxlg.js               0.09 kB │ gzip:   0.11 kB
../../../../../private/var/folders/nt/z6rv5yss3sz3x8pcysw49p_w0000gn/T/chromatic--86255-c60pxko4c2mr/assets/preview-BY4JCyLm.js                  0.10 kB │ gzip:   0.11 kB
../../../../../private/var/folders/nt/z6rv5yss3sz3x8pcysw49p_w0000gn/T/chromatic--86255-c60pxko4c2mr/assets/preview-YNPtqFhx.js                  0.15 kB │ gzip:   0.13 kB
../../../../../private/var/folders/nt/z6rv5yss3sz3x8pcysw49p_w0000gn/T/chromatic--86255-c60pxko4c2mr/assets/react-zMvk99fj.js                    0.44 kB │ gzip:   0.28 kB
../../../../../private/var/folders/nt/z6rv5yss3sz3x8pcysw49p_w0000gn/T/chromatic--86255-c60pxko4c2mr/assets/esm-BicNcPT8.js                      0.66 kB │ gzip:   0.40 kB
../../../../../private/var/folders/nt/z6rv5yss3sz3x8pcysw49p_w0000gn/T/chromatic--86255-c60pxko4c2mr/assets/preview-V6M1IQyr.js                  0.68 kB │ gzip:   0.47 kB
../../../../../private/var/folders/nt/z6rv5yss3sz3x8pcysw49p_w0000gn/T/chromatic--86255-c60pxko4c2mr/assets/jsx-runtime-Cw9JD_Mk.js              0.70 kB │ gzip:   0.45 kB
../../../../../private/var/folders/nt/z6rv5yss3sz3x8pcysw49p_w0000gn/T/chromatic--86255-c60pxko4c2mr/assets/chunk-XP5HYGXS-pBWzft8W.js           0.71 kB │ gzip:   0.40 kB
../../../../../private/var/folders/nt/z6rv5yss3sz3x8pcysw49p_w0000gn/T/chromatic--86255-c60pxko4c2mr/assets/preview-Cj37tpqW.js                  0.90 kB │ gzip:   0.56 kB
../../../../../private/var/folders/nt/z6rv5yss3sz3x8pcysw49p_w0000gn/T/chromatic--86255-c60pxko4c2mr/assets/react-18-BVvfN77q.js                 0.95 kB │ gzip:   0.54 kB
../../../../../private/var/folders/nt/z6rv5yss3sz3x8pcysw49p_w0000gn/T/chromatic--86255-c60pxko4c2mr/assets/preview-C79Xuf4l.js                  2.05 kB │ gzip:   1.12 kB
../../../../../private/var/folders/nt/z6rv5yss3sz3x8pcysw49p_w0000gn/T/chromatic--86255-c60pxko4c2mr/assets/preview-DabQY7WT.js                  3.39 kB │ gzip:   1.61 kB
../../../../../private/var/folders/nt/z6rv5yss3sz3x8pcysw49p_w0000gn/T/chromatic--86255-c60pxko4c2mr/assets/preview-Y5Hvqu7T.js                  4.82 kB │ gzip:   1.75 kB
../../../../../private/var/folders/nt/z6rv5yss3sz3x8pcysw49p_w0000gn/T/chromatic--86255-c60pxko4c2mr/assets/Card.stories-BYmi2tQ5.js             5.74 kB │ gzip:   2.04 kB
../../../../../private/var/folders/nt/z6rv5yss3sz3x8pcysw49p_w0000gn/T/chromatic--86255-c60pxko4c2mr/assets/Tag.stories-d0BHKsj4.js              5.85 kB │ gzip:   1.88 kB
../../../../../private/var/folders/nt/z6rv5yss3sz3x8pcysw49p_w0000gn/T/chromatic--86255-c60pxko4c2mr/assets/Icon.stories-DkUMK57S.js             6.40 kB │ gzip:   2.09 kB
../../../../../private/var/folders/nt/z6rv5yss3sz3x8pcysw49p_w0000gn/T/chromatic--86255-c60pxko4c2mr/assets/react-CkTq4wD3.js                    6.49 kB │ gzip:   2.56 kB
../../../../../private/var/folders/nt/z6rv5yss3sz3x8pcysw49p_w0000gn/T/chromatic--86255-c60pxko4c2mr/assets/Input.stories-DqZxKAY0.js            7.51 kB │ gzip:   2.18 kB
../../../../../private/var/folders/nt/z6rv5yss3sz3x8pcysw49p_w0000gn/T/chromatic--86255-c60pxko4c2mr/assets/preview-DSxLCicF.js                  7.61 kB │ gzip:   1.53 kB
../../../../../private/var/folders/nt/z6rv5yss3sz3x8pcysw49p_w0000gn/T/chromatic--86255-c60pxko4c2mr/assets/preview-BV8eyshi.js                  8.05 kB │ gzip:   3.04 kB
../../../../../private/var/folders/nt/z6rv5yss3sz3x8pcysw49p_w0000gn/T/chromatic--86255-c60pxko4c2mr/assets/Typography.stories-B_k1SWbi.js       8.51 kB │ gzip:   2.63 kB
../../../../../private/var/folders/nt/z6rv5yss3sz3x8pcysw49p_w0000gn/T/chromatic--86255-c60pxko4c2mr/assets/Button.stories-DnibsHd7.js           8.97 kB │ gzip:   2.66 kB
../../../../../private/var/folders/nt/z6rv5yss3sz3x8pcysw49p_w0000gn/T/chromatic--86255-c60pxko4c2mr/assets/test-utils-CM5QKuuD.js              12.07 kB │ gzip:   4.64 kB
../../../../../private/var/folders/nt/z6rv5yss3sz3x8pcysw49p_w0000gn/T/chromatic--86255-c60pxko4c2mr/assets/Color-YHDXOIA2-iUyNVitq.js          28.92 kB │ gzip:  10.67 kB
../../../../../private/var/folders/nt/z6rv5yss3sz3x8pcysw49p_w0000gn/T/chromatic--86255-c60pxko4c2mr/assets/matchers-7Z3WT2CE-BcaoXnHA.js       28.95 kB │ gzip:   9.66 kB
../../../../../private/var/folders/nt/z6rv5yss3sz3x8pcysw49p_w0000gn/T/chromatic--86255-c60pxko4c2mr/assets/entry-preview-wFz0r0Ub.js           29.01 kB │ gzip:   8.96 kB
../../../../../private/var/folders/nt/z6rv5yss3sz3x8pcysw49p_w0000gn/T/chromatic--86255-c60pxko4c2mr/assets/docs-tools-DXKxxe1i.js              55.75 kB │ gzip:  15.65 kB
../../../../../private/var/folders/nt/z6rv5yss3sz3x8pcysw49p_w0000gn/T/chromatic--86255-c60pxko4c2mr/assets/react-dom-7WHo6OAj.js              132.64 kB │ gzip:  43.06 kB
../../../../../private/var/folders/nt/z6rv5yss3sz3x8pcysw49p_w0000gn/T/chromatic--86255-c60pxko4c2mr/assets/iframe-CmDxIoEI.js                 210.50 kB │ gzip:  70.91 kB
../../../../../private/var/folders/nt/z6rv5yss3sz3x8pcysw49p_w0000gn/T/chromatic--86255-c60pxko4c2mr/assets/entry-preview-docs-BuzZ3LTa.js     254.47 kB │ gzip:  75.66 kB
../../../../../private/var/folders/nt/z6rv5yss3sz3x8pcysw49p_w0000gn/T/chromatic--86255-c60pxko4c2mr/assets/axe-cWFWXnUm.js                    579.12 kB │ gzip: 158.39 kB
../../../../../private/var/folders/nt/z6rv5yss3sz3x8pcysw49p_w0000gn/T/chromatic--86255-c60pxko4c2mr/assets/dist-DjN479Hp.js                   647.56 kB │ gzip: 149.57 kB
../../../../../private/var/folders/nt/z6rv5yss3sz3x8pcysw49p_w0000gn/T/chromatic--86255-c60pxko4c2mr/assets/DocsRenderer-CFRXHY34-H1RPXVMj.js  876.91 kB │ gzip: 271.62 kB

[32m✓ built in 586ms[39m
info => Preview built ([38;2;181;126;229m1.12 s[39m)
info => Output directory: /private/var/folders/nt/z6rv5yss3sz3x8pcysw49p_w0000gn/T/chromatic--86255-c60pxko4c2mr
